[2026-05-14T21:40:10.532Z] 🚀 [IMPORT] Iniciando procesamiento de archivo: golf.xlsx
[2026-05-14T21:40:10.533Z] 📖 Leyendo archivo con xlsx...
[2026-05-14T21:40:10.569Z] 📊 Filas detectadas: 26
[2026-05-14T21:40:10.570Z] 🎯 Deporte detectado: Golf | Mapeo: {"socio":7,"fecha":22,"hora":23,"id":0}
[2026-05-14T21:40:10.571Z] ⚙️ Iniciando transacción de base de datos...
[2026-05-14T21:40:10.575Z] 🔹 Procesadas 10 filas...
[2026-05-14T21:40:10.576Z] 🔹 Procesadas 20 filas...
[2026-05-14T21:40:10.584Z] ✅ [IMPORT] Finalizado exitosamente. 23 servicios nuevos.
[2026-05-14T21:44:19.497Z] 🚀 [IMPORT] Iniciando procesamiento de archivo: golf.xlsx
[2026-05-14T21:44:19.499Z] 📖 Leyendo archivo con xlsx...
[2026-05-14T21:44:19.520Z] 📊 Filas detectadas: 26
[2026-05-14T21:44:19.520Z] 🎯 Deporte detectado: Golf | Mapeo: {"socio":7,"fecha":22,"hora":23,"id":0}
[2026-05-14T21:44:19.521Z] ⚙️ Iniciando transacción de base de datos...
[2026-05-14T21:44:19.528Z] ✅ [IMPORT] Finalizado exitosamente. 0 servicios nuevos.
[2026-05-19T16:57:55.299Z] 🚀 [IMPORT] Iniciando procesamiento de archivo: golf.xlsx
[2026-05-19T16:57:55.300Z] 📖 Leyendo archivo con xlsx...
[2026-05-19T16:57:55.346Z] 📊 Filas detectadas: 26
[2026-05-19T16:57:55.347Z] 🎯 Deporte detectado: Golf | Mapeo: {"socio":7,"fecha":22,"hora":23,"id":0}
[2026-05-19T16:57:55.348Z] ⚙️ Iniciando transacción de base de datos...
[2026-05-19T16:57:55.351Z] 🔹 Procesadas 10 filas...
[2026-05-19T16:57:55.352Z] 🔹 Procesadas 20 filas...
[2026-05-19T16:57:55.359Z] ✅ [IMPORT] Finalizado exitosamente. 23 servicios nuevos.
[2026-05-21T16:08:18.740Z] 🚀 [IMPORT] Iniciando procesamiento de archivo: golf (1).xlsx
[2026-05-21T16:08:18.741Z] 📖 Leyendo archivo con xlsx...
[2026-05-21T16:08:18.783Z] 📊 Filas detectadas: 26
[2026-05-21T16:08:18.784Z] 🎯 Deporte detectado: Golf | Mapeo: {"socio":7,"fecha":22,"hora":23,"id":0}
[2026-05-21T16:08:18.785Z] ⚙️ Iniciando transacción de base de datos...
[2026-05-21T16:08:18.788Z] 🔹 Procesadas 10 filas...
[2026-05-21T16:08:18.789Z] 🔹 Procesadas 20 filas...
[2026-05-21T16:08:18.797Z] ✅ [IMPORT] Finalizado exitosamente. 23 servicios nuevos.
[2026-05-21T23:39:56.536Z] 🚀 [IMPORT] Iniciando procesamiento de archivo: golf.xlsx
[2026-05-21T23:39:56.537Z] 📖 Leyendo archivo con xlsx...
[2026-05-21T23:39:56.649Z] 📊 Filas detectadas: 26
[2026-05-21T23:39:56.653Z] 🎯 Deporte detectado: Golf | Mapeo: {"socio":7,"fecha":22,"hora":23,"id":0}
[2026-05-21T23:39:56.653Z] ⚙️ Iniciando transacción de base de datos...
[2026-05-21T23:39:56.669Z] 🔹 Procesadas 10 filas...
[2026-05-21T23:39:56.674Z] 🔹 Procesadas 20 filas...
[2026-05-21T23:39:56.682Z] ✅ [IMPORT] Finalizado exitosamente. 23 servicios nuevos.
[2026-05-22T01:04:51.961Z] 🚀 [IMPORT] Iniciando procesamiento de archivo: Reservas__corte2026_05_21 19_54_00.xls
[2026-05-22T01:04:51.962Z] 📖 Leyendo archivo con xlsx...
[2026-05-22T01:04:51.969Z] 📊 Filas detectadas: 2
[2026-05-22T01:04:51.970Z] ❌ [IMPORT] Error crítico: El archivo no tiene el formato esperado (muy pocas filas)
[2026-05-22T01:06:22.163Z] 🚀 [IMPORT] Iniciando procesamiento de archivo: TENIS.xls
[2026-05-22T01:06:22.164Z] 📖 Leyendo archivo con xlsx...
[2026-05-22T01:06:22.169Z] 📊 Filas detectadas: 2
[2026-05-22T01:06:22.170Z] ❌ [IMPORT] Error crítico: El archivo no tiene el formato esperado (muy pocas filas)
[2026-05-22T01:07:00.517Z] 🚀 [IMPORT] Iniciando procesamiento de archivo: tenis.xls
[2026-05-22T01:07:00.517Z] 📖 Leyendo archivo con xlsx...
[2026-05-22T01:07:00.519Z] 📊 Filas detectadas: 2
[2026-05-22T01:07:00.520Z] ❌ [IMPORT] Error crítico: El archivo no tiene el formato esperado (muy pocas filas)
[2026-05-22T01:08:42.589Z] 🚀 [IMPORT] Iniciando procesamiento de archivo: Reservas__corte2026_05_21 20_08_21.xls
[2026-05-22T01:08:42.589Z] 📖 Leyendo archivo con xlsx...
[2026-05-22T01:08:42.590Z] 📊 Filas detectadas: 2
[2026-05-22T01:08:42.591Z] ❌ [IMPORT] Error crítico: El archivo no tiene el formato esperado (muy pocas filas)
[2026-05-22T20:15:09.127Z] 🚀 [IMPORT] Iniciando procesamiento de archivo: golf (1).xlsx
[2026-05-22T20:15:09.128Z] 📖 Leyendo archivo con xlsx...
[2026-05-22T20:15:09.169Z] 📊 Filas detectadas: 26
[2026-05-22T20:15:09.170Z] 🎯 Deporte detectado: Golf | Mapeo: {"socio":7,"fecha":22,"hora":23,"id":0}
[2026-05-22T20:15:09.171Z] ⚙️ Iniciando transacción de base de datos...
[2026-05-22T20:15:09.177Z] 🔹 Procesadas 10 filas...
[2026-05-22T20:15:09.178Z] 🔹 Procesadas 20 filas...
[2026-05-22T20:15:09.184Z] ✅ [IMPORT] Finalizado exitosamente. 23 servicios nuevos.
[2026-05-22T23:42:57.467Z] 🚀 [IMPORT] Iniciando procesamiento de archivo: Reservas__corte2026_05_21 20_09_46.xls
[2026-05-22T23:42:57.469Z] 📖 Leyendo archivo...
[2026-05-22T23:42:57.470Z] 🔍 Formato HTML detectado (99apps), procesando manualmente...
[2026-05-22T23:42:57.479Z] 📊 Filas detectadas: 48
[2026-05-22T23:42:57.479Z] 🎯 Deporte detectado: Tenis | Mapeo: {"socio":9,"fecha":28,"hora":29,"id":0}
[2026-05-22T23:42:57.480Z] ⚙️ Iniciando transacción de base de datos...
[2026-05-22T23:42:57.484Z] 🔹 Procesadas 10 filas...
[2026-05-22T23:42:57.485Z] 🔹 Procesadas 20 filas...
[2026-05-22T23:42:57.486Z] 🔹 Procesadas 30 filas...
[2026-05-22T23:42:57.487Z] 🔹 Procesadas 40 filas...
[2026-05-22T23:42:57.494Z] ✅ [IMPORT] Finalizado exitosamente. 45 servicios nuevos.
[2026-05-22T23:43:21.453Z] 🚀 [IMPORT] Iniciando procesamiento de archivo: Reservas__corte2026_05_21 20_08_21.xls
[2026-05-22T23:43:21.455Z] 📖 Leyendo archivo...
[2026-05-22T23:43:21.458Z] 🔍 Formato HTML detectado (99apps), procesando manualmente...
[2026-05-22T23:43:21.463Z] 📊 Filas detectadas: 17
[2026-05-22T23:43:21.465Z] 🎯 Deporte detectado: Golf | Mapeo: {"socio":7,"fecha":22,"hora":23,"id":0}
[2026-05-22T23:43:21.467Z] ⚙️ Iniciando transacción de base de datos...
[2026-05-22T23:43:21.474Z] 🔹 Procesadas 10 filas...
[2026-05-22T23:43:21.485Z] ✅ [IMPORT] Finalizado exitosamente. 14 servicios nuevos.
[2026-05-22T23:45:31.702Z] 🚀 [IMPORT] Iniciando procesamiento de archivo: Reservas__corte2026_05_21 20_09_46.xls
[2026-05-22T23:45:31.702Z] 📖 Leyendo archivo...
[2026-05-22T23:45:31.703Z] 🔍 Formato HTML detectado (99apps), procesando manualmente...
[2026-05-22T23:45:31.708Z] 📊 Filas detectadas: 48
[2026-05-22T23:45:31.708Z] 🎯 Deporte detectado: Tenis | Mapeo: {"socio":9,"fecha":28,"hora":29,"id":0}
[2026-05-22T23:45:31.709Z] ⚙️ Iniciando transacción de base de datos...
[2026-05-22T23:45:31.711Z] 🔹 Procesadas 10 filas...
[2026-05-22T23:45:31.712Z] 🔹 Procesadas 20 filas...
[2026-05-22T23:45:31.713Z] 🔹 Procesadas 30 filas...
[2026-05-22T23:45:31.715Z] 🔹 Procesadas 40 filas...
[2026-05-22T23:45:31.721Z] ✅ [IMPORT] Finalizado exitosamente. 45 servicios nuevos.
[2026-05-23T00:57:24.322Z] 🚀 [IMPORT] Iniciando procesamiento de archivo: Reservas__corte2026_05_22 19_54_27.xls
[2026-05-23T00:57:24.325Z] 📖 Leyendo archivo...
[2026-05-23T00:57:24.331Z] 🔍 Formato HTML detectado (99apps), procesando manualmente...
[2026-05-23T00:57:24.355Z] 📊 Filas detectadas: 124
[2026-05-23T00:57:24.356Z] 🎯 Deporte detectado: Tenis | Mapeo: {"socio":9,"fecha":28,"hora":29,"id":0}
[2026-05-23T00:57:24.357Z] ⚙️ Iniciando transacción de base de datos...
[2026-05-23T00:57:24.361Z] 🔹 Procesadas 10 filas...
[2026-05-23T00:57:24.362Z] 🔹 Procesadas 20 filas...
[2026-05-23T00:57:24.363Z] 🔹 Procesadas 30 filas...
[2026-05-23T00:57:24.364Z] 🔹 Procesadas 40 filas...
[2026-05-23T00:57:24.365Z] 🔹 Procesadas 50 filas...
[2026-05-23T00:57:24.366Z] 🔹 Procesadas 60 filas...
[2026-05-23T00:57:24.367Z] 🔹 Procesadas 70 filas...
[2026-05-23T00:57:24.368Z] 🔹 Procesadas 80 filas...
[2026-05-23T00:57:24.369Z] 🔹 Procesadas 90 filas...
[2026-05-23T00:57:24.370Z] 🔹 Procesadas 100 filas...
[2026-05-23T00:57:24.371Z] 🔹 Procesadas 110 filas...
[2026-05-23T00:57:24.372Z] 🔹 Procesadas 120 filas...
[2026-05-23T00:57:24.378Z] ✅ [IMPORT] Finalizado exitosamente. 121 servicios nuevos.
[2026-05-23T00:57:59.415Z] 🚀 [IMPORT] Iniciando procesamiento de archivo: Reservas__corte2026_05_22 19_54_27.xls
[2026-05-23T00:57:59.416Z] 📖 Leyendo archivo...
[2026-05-23T00:57:59.417Z] 🔍 Formato HTML detectado (99apps), procesando manualmente...
[2026-05-23T00:57:59.428Z] 📊 Filas detectadas: 124
[2026-05-23T00:57:59.428Z] 🎯 Deporte detectado: Tenis | Mapeo: {"socio":9,"fecha":28,"hora":29,"id":0}
[2026-05-23T00:57:59.429Z] ⚙️ Iniciando transacción de base de datos...
[2026-05-23T00:57:59.440Z] ✅ [IMPORT] Finalizado exitosamente. 0 servicios nuevos.
[2026-05-23T00:59:45.122Z] 🚀 [IMPORT] Iniciando procesamiento de archivo: Reservas__corte2026_05_22 19_54_27.xls
[2026-05-23T00:59:45.122Z] 📖 Leyendo archivo...
[2026-05-23T00:59:45.124Z] 🔍 Formato HTML detectado (99apps), procesando manualmente...
[2026-05-23T00:59:45.134Z] 📊 Filas detectadas: 124
[2026-05-23T00:59:45.134Z] 🎯 Deporte detectado: Tenis | Mapeo: {"socio":9,"fecha":28,"hora":29,"id":0}
[2026-05-23T00:59:45.135Z] ⚙️ Iniciando transacción de base de datos...
[2026-05-23T00:59:45.146Z] ✅ [IMPORT] Finalizado exitosamente. 0 servicios nuevos.
[2026-05-23T01:05:57.470Z] 🚀 [IMPORT] Iniciando procesamiento de archivo: Reservas__corte2026_05_22 19_54_27.xls
[2026-05-23T01:05:57.471Z] 📖 Leyendo archivo...
[2026-05-23T01:05:57.475Z] 🔍 Formato HTML detectado (99apps), procesando manualmente...
[2026-05-23T01:05:57.496Z] 📊 Filas detectadas: 124
[2026-05-23T01:05:57.498Z] 🎯 Deporte detectado: Tenis | Mapeo: {"socio":9,"fecha":28,"hora":29,"id":0}
[2026-05-23T01:05:57.499Z] ⚙️ Iniciando transacción de base de datos...
[2026-05-23T01:05:57.516Z] ✅ [IMPORT] Finalizado exitosamente. 0 servicios nuevos.
[2026-05-23T01:16:05.549Z] 🚀 [IMPORT] Iniciando procesamiento de archivo: Reservas__corte2026_05_22 20_15_23.xls
[2026-05-23T01:16:05.550Z] 📖 Leyendo archivo...
[2026-05-23T01:16:05.555Z] 🔍 Formato HTML detectado (99apps), procesando manualmente...
[2026-05-23T01:16:05.577Z] 📊 Filas detectadas: 125
[2026-05-23T01:16:05.578Z] 🎯 Deporte detectado: Tenis | Mapeo: {"socio":9,"fecha":28,"hora":29,"id":0}
[2026-05-23T01:16:05.580Z] ⚙️ Iniciando transacción de base de datos...
[2026-05-23T01:16:05.590Z] 🔹 Procesadas 10 filas...
[2026-05-23T01:16:05.591Z] 🔹 Procesadas 20 filas...
[2026-05-23T01:16:05.592Z] 🔹 Procesadas 30 filas...
[2026-05-23T01:16:05.593Z] 🔹 Procesadas 40 filas...
[2026-05-23T01:16:05.594Z] 🔹 Procesadas 50 filas...
[2026-05-23T01:16:05.596Z] 🔹 Procesadas 60 filas...
[2026-05-23T01:16:05.597Z] 🔹 Procesadas 70 filas...
[2026-05-23T01:16:05.598Z] 🔹 Procesadas 80 filas...
[2026-05-23T01:16:05.598Z] 🔹 Procesadas 90 filas...
[2026-05-23T01:16:05.599Z] 🔹 Procesadas 100 filas...
[2026-05-23T01:16:05.600Z] 🔹 Procesadas 110 filas...
[2026-05-23T01:16:05.601Z] 🔹 Procesadas 120 filas...
[2026-05-23T01:16:05.607Z] ✅ [IMPORT] Finalizado exitosamente. 122 servicios nuevos.
[2026-05-23T01:20:48.448Z] 🚀 [IMPORT] Iniciando procesamiento de archivo: Reservas__corte2026_05_22 20_15_23.xls
[2026-05-23T01:20:48.449Z] 📖 Leyendo archivo...
[2026-05-23T01:20:48.451Z] 🔍 Formato HTML detectado (99apps), procesando manualmente...
[2026-05-23T01:20:48.461Z] 📊 Filas detectadas: 125
[2026-05-23T01:20:48.462Z] 🎯 Deporte detectado: Tenis | Mapeo: {"socio":9,"fecha":28,"hora":29,"id":0}
[2026-05-23T01:20:48.463Z] ⚙️ Iniciando transacción de base de datos...
[2026-05-23T01:20:48.482Z] ✅ [IMPORT] Finalizado exitosamente. 0 servicios nuevos.
